[2026-07-30 11:50:05] [Planner] Creating execution workflow...
[2026-07-30 11:50:05] [Coder] Generating code...
[2026-07-30 11:50:05] [Coder] CodeGenerated
[2026-07-30 11:50:05] [Coder] Executing generated code...
[2026-07-30 11:50:05] [Coder] CodeExecuted
[2026-07-30 11:50:05] [Tester] Running tests...
[2026-07-30 11:50:05] [Reviewer] Reviewing execution...
[2026-07-30 12:21:24] [Planner] Creating execution workflow...
[2026-07-30 12:21:24] [Coder] Generating code...
[2026-07-30 12:21:24] [Coder] CodeGenerated event published.
[2026-07-30 12:21:24] [Tester] Running tests...
[2026-07-30 12:21:24] [Tester] TestCompleted event published.
[2026-07-30 12:21:24] [Reviewer] Reviewing execution...
[2026-07-30 12:21:24] [Reviewer] ReviewApproved event published.
[2026-07-30 12:33:13] [Planner] Creating execution workflow...
[2026-07-30 12:33:13] [Coder] Generating code...
[2026-07-30 12:33:13] [Coder] CodeGenerated event published.
[2026-07-30 12:33:13] [Tester] Running tests...
[2026-07-30 12:33:13] [Tester] TestCompleted event published.
[2026-07-30 12:33:13] [Reviewer] Reviewing execution...
[2026-07-30 12:33:13] [Reviewer] ReviewApproved event published.
[2026-07-30 12:38:08] [Planner] Creating execution workflow...
[2026-07-30 12:38:08] [Coder] Generating code...
[2026-07-30 12:38:08] [Coder] CodeGenerated event published.
[2026-07-30 12:38:08] [Tester] Running tests...
[2026-07-30 12:38:08] [Tester] TestCompleted event published.
[2026-07-30 12:38:08] [Reviewer] Reviewing execution...
[2026-07-30 12:38:08] [Reviewer] ReviewApproved event published.
[2026-07-30 12:42:56] [Planner] Creating execution workflow...
[2026-07-30 12:42:56] [Coder] Generating code...
[2026-07-30 12:42:56] [Coder] CodeGenerated event published.
[2026-07-30 12:42:56] [Tester] Running tests...
[2026-07-30 12:42:56] [Tester] TestCompleted event published.
[2026-07-30 12:42:56] [Reviewer] Reviewing execution...
[2026-07-30 12:42:56] [Reviewer] ReviewApproved event published.
[2026-07-30 12:53:35] [Planner] Creating execution workflow...
[2026-07-30 12:58:03] [Planner] Creating execution workflow...
[2026-07-30 13:17:01] [Planner] Creating execution workflow...
[2026-07-30 13:18:35] [Planner] Creating execution workflow...
[2026-07-30 13:22:15] [Planner] Creating execution workflow...
[2026-07-30 13:26:35] [Planner] Creating execution workflow...
[2026-07-30 13:55:44] [Planner] Creating execution workflow...
[2026-07-30 13:55:44] [Coder] Generating code...
[2026-07-30 13:55:44] [Coder] CodeGenerated event published.
[2026-07-30 13:55:44] [Tester] Running tests...
[2026-07-30 13:55:44] [Tester] TestCompleted event published.
[2026-07-30 13:55:44] [Reviewer] Reviewing execution...
[2026-07-30 13:55:44] [Reviewer] ReviewApproved event published.
[2026-07-30 14:27:01] [Planner] Creating execution workflow...
[2026-07-30 14:27:01] [Planner] Brain plan: ['coding', 'testing', 'review']
[2026-07-30 14:27:01] [Coder] Generating code...
[2026-07-30 14:27:01] [Coder] CodeGenerated event published.
[2026-07-30 14:27:01] [Tester] Running tests...
[2026-07-30 14:27:01] [Tester] TestCompleted event published.
[2026-07-30 14:27:01] [Reviewer] Reviewing execution...
[2026-07-30 14:27:01] [Reviewer] ReviewApproved event published.
[2026-07-30 15:40:37] [Planner] Creating execution workflow...
[2026-07-30 15:40:37] [Planner] Brain plan: ['coding', 'testing', 'review']
[2026-07-30 15:40:37] [Coder] Generating code...
[2026-07-30 15:40:37] [Coder] Stored generated code in memory.
[2026-07-30 15:40:37] [Coder] CodeGenerated event published.
[2026-07-30 15:40:37] [Tester] Running tests...
[2026-07-30 15:40:37] [Reviewer] Reviewing execution...
[2026-07-30 15:45:28] [Planner] Creating execution workflow...
[2026-07-30 15:45:28] [Planner] Brain plan: ['coding', 'testing', 'review']
[2026-07-30 15:45:28] [Coder] Generating code...
[2026-07-30 15:45:28] [Coder] Stored generated code in memory.
[2026-07-30 15:45:28] [Coder] CodeGenerated event published.
[2026-07-30 15:45:28] [Tester] Running tests...
[2026-07-30 15:45:28] [Reviewer] Reviewing execution...
[2026-07-30 15:45:28] [Reviewer] ReviewApproved event published.
[2026-07-30 15:48:57] [Planner] Creating execution workflow...
[2026-07-30 15:48:57] [Planner] Brain plan: ['coding', 'testing', 'review']
[2026-07-30 15:48:57] [Coder] Generating code...
[2026-07-30 15:48:57] [Coder] Stored generated code in memory.
[2026-07-30 15:48:57] [Coder] CodeGenerated event published.
[2026-07-30 15:48:57] [Tester] Running tests...
[2026-07-30 15:48:57] [Tester] TestCompleted event published.
[2026-07-30 15:48:57] [Reviewer] Reviewing execution...
[2026-07-30 15:48:57] [Reviewer] ReviewApproved event published.
[2026-07-30 16:45:50] [Planner] Creating execution workflow...
[2026-07-30 16:45:50] [Planner] Brain plan: ['coding', 'testing', 'review']
[2026-07-30 16:45:50] [Coder] Generating code...
[2026-07-30 16:45:50] [Coder] Stored generated code in memory.
[2026-07-30 16:45:50] [Coder] CodeGenerated event published.
[2026-07-30 16:45:50] [Tester] Running tests...
[2026-07-30 16:45:50] [Tester] TestCompleted event published.
[2026-07-30 16:45:50] [Reviewer] Reviewing execution...
[2026-07-30 16:45:50] [Reviewer] ReviewApproved event published.
[2026-07-30 17:07:10] [Planner] Creating execution workflow...
[2026-07-30 17:07:10] [Planner] Brain plan: ['coding', 'testing', 'review']
[2026-07-30 17:07:10] [Coder] Generating code...
[2026-07-30 17:07:10] [Coder] Stored generated code in memory.
[2026-07-30 17:07:10] [Coder] CodeGenerated event published.
[2026-07-30 17:07:10] [Tester] Running tests...
[2026-07-30 17:07:10] [Tester] TestCompleted event published.
[2026-07-30 17:07:10] [Reviewer] Reviewing execution...
[2026-07-30 17:07:10] [Reviewer] ReviewApproved event published.
[2026-07-30 17:10:12] [Planner] Creating execution workflow...
[2026-07-30 17:10:12] [Planner] Brain plan: ['coding', 'testing', 'review']
[2026-07-30 17:10:12] [Coder] Generating code...
[2026-07-30 17:10:12] [Coder] Stored generated code in memory.
[2026-07-30 17:10:12] [Coder] CodeGenerated event published.
[2026-07-30 17:10:12] [Tester] Running tests...
[2026-07-30 17:10:12] [Tester] TestCompleted event published.
[2026-07-30 17:10:12] [Reviewer] Reviewing execution...
[2026-07-30 17:10:12] [Reviewer] ReviewApproved event published.
[2026-07-30 17:14:12] [Planner] Creating execution workflow...
[2026-07-30 17:14:12] [Planner] Brain plan: ['coding', 'testing', 'review']
[2026-07-30 17:14:12] [Coder] Generating code...
[2026-07-30 17:14:12] [Coder] Stored generated code in memory.
[2026-07-30 17:14:12] [Coder] CodeGenerated event published.
[2026-07-30 17:14:12] [Tester] Running tests...
[2026-07-30 17:14:12] [Tester] TestCompleted event published.
[2026-07-30 17:14:12] [Reviewer] Reviewing execution...
[2026-07-30 17:14:12] [Reviewer] ReviewApproved event published.
[2026-07-30 18:06:39] [Planner] Creating execution workflow...
[2026-07-30 18:06:39] [Planner] Brain plan: ['research', 'writing', 'coding', 'testing', 'review']
[2026-07-30 18:06:39] [Coder] Generating code...
[2026-07-30 18:06:39] [Coder] Stored generated code in memory.
[2026-07-30 18:06:39] [Coder] CodeGenerated event published.
[2026-07-30 18:06:39] [Tester] Running tests...
[2026-07-30 18:06:39] [Tester] TestCompleted event published.
[2026-07-30 18:06:39] [Reviewer] Reviewing execution...
[2026-07-30 18:06:39] [Reviewer] ReviewApproved event published.
[2026-07-30 18:11:41] [Planner] Creating execution workflow...
[2026-07-30 18:11:41] [Planner] Brain plan: ['research', 'writing', 'coding', 'testing', 'review']
[2026-07-30 18:11:41] [Coder] Generating code...
[2026-07-30 18:11:41] [Coder] Stored generated code in memory.
[2026-07-30 18:11:41] [Coder] CodeGenerated event published.
[2026-07-30 18:11:41] [Tester] Running tests...
[2026-07-30 18:11:41] [Tester] TestCompleted event published.
[2026-07-30 18:11:41] [Reviewer] Reviewing execution...
[2026-07-30 18:11:41] [Reviewer] ReviewApproved event published.
[2026-07-30 18:17:46] [Planner] Creating execution workflow...
[2026-07-30 18:17:46] [Planner] Brain plan: ['research', 'writing', 'coding', 'testing', 'review']
[2026-07-30 18:17:46] [Coder] Generating code...
[2026-07-30 18:17:46] [Coder] Stored generated code in memory.
[2026-07-30 18:17:46] [Coder] CodeGenerated event published.
[2026-07-30 18:17:46] [Tester] Running tests...
[2026-07-30 18:17:46] [Tester] TestCompleted event published.
[2026-07-30 18:17:46] [Reviewer] Reviewing execution...
[2026-07-30 18:17:46] [Reviewer] ReviewApproved event published.
[2026-07-30 18:43:29] [Coder] Generating code...
[2026-07-30 18:43:29] [Coder] Stored generated code in memory.
[2026-07-30 18:43:29] [Coder] CodeGenerated event published.
[2026-07-30 18:43:29] [Tester] Running tests...
[2026-07-30 18:43:29] [Tester] TestCompleted event published.
[2026-07-30 18:43:29] [Reviewer] Reviewing execution...
[2026-07-30 18:43:29] [Reviewer] ReviewApproved event published.
[2026-07-30 18:50:43] [Coder] Generating code...
[2026-07-30 18:50:43] [Coder] Stored generated code in memory.
[2026-07-30 18:50:43] [Coder] CodeGenerated event published.
[2026-07-30 18:50:43] [Tester] Running tests...
[2026-07-30 18:50:43] [Tester] TestCompleted event published.
[2026-07-30 18:50:43] [Reviewer] Reviewing execution...
[2026-07-30 18:50:43] [Reviewer] ReviewApproved event published.
[2026-07-30 19:12:47] [Coder] Generating code...
[2026-07-30 19:12:47] [Coder] Stored generated code in memory.
[2026-07-30 19:12:47] [Coder] CodeGenerated event published.
[2026-07-30 19:12:47] [Tester] Running tests...
[2026-07-30 19:12:47] [Tester] TestCompleted event published.
[2026-07-30 19:12:47] [Reviewer] Reviewing execution...
[2026-07-30 19:12:47] [Reviewer] ReviewApproved event published.
[2026-07-30 19:15:26] [Coder] Generating code...
[2026-07-30 19:15:26] [Coder] Stored generated code in memory.
[2026-07-30 19:15:26] [Coder] CodeGenerated event published.
[2026-07-30 19:15:26] [Tester] Running tests...
[2026-07-30 19:15:26] [Tester] TestCompleted event published.
[2026-07-30 19:15:26] [Reviewer] Reviewing execution...
[2026-07-30 19:15:26] [Reviewer] ReviewApproved event published.
[2026-07-30 19:16:25] [Coder] Generating code...
[2026-07-30 19:16:25] [Coder] Stored generated code in memory.
[2026-07-30 19:16:25] [Coder] CodeGenerated event published.
[2026-07-30 19:16:25] [Tester] Running tests...
[2026-07-30 19:16:25] [Tester] TestCompleted event published.
[2026-07-30 19:16:25] [Reviewer] Reviewing execution...
[2026-07-30 19:16:25] [Reviewer] ReviewApproved event published.
[2026-07-30 19:20:10] [Researcher] Performing research...
[2026-07-30 19:20:10] [Writer] Writing document...
[2026-07-30 19:20:10] [Coder] Generating code...
[2026-07-30 19:20:10] [Coder] Stored generated code in memory.
[2026-07-30 19:20:10] [Coder] CodeGenerated event published.
[2026-07-30 19:20:10] [Tester] Running tests...
[2026-07-30 19:20:10] [Tester] TestCompleted event published.
[2026-07-30 19:20:10] [Reviewer] Reviewing execution...
[2026-07-30 19:20:10] [Reviewer] ReviewApproved event published.
[2026-07-30 19:23:18] [Researcher] Performing research...
[2026-07-30 19:23:18] [Writer] Writing document...
[2026-07-30 19:23:18] [Coder] Generating code...
[2026-07-30 19:23:18] [Coder] Stored generated code in memory.
[2026-07-30 19:23:18] [Coder] CodeGenerated event published.
[2026-07-30 19:23:18] [Tester] Running tests...
[2026-07-30 19:23:18] [Tester] TestCompleted event published.
[2026-07-30 19:23:18] [Reviewer] Reviewing execution...
[2026-07-30 19:23:18] [Reviewer] ReviewApproved event published.
[2026-07-30 19:51:34] [Coder] Generating code...
[2026-07-30 19:51:34] [Coder] Stored generated code in memory.
[2026-07-30 19:51:34] [Coder] CodeGenerated event published.
[2026-07-30 19:51:34] [Tester] Running tests...
[2026-07-30 19:51:34] [Tester] TestCompleted event published.
[2026-07-30 19:51:34] [Reviewer] Reviewing execution...
[2026-07-30 19:51:34] [Reviewer] ReviewApproved event published.
[2026-07-30 19:56:07] [Researcher] Performing research...
[2026-07-30 19:56:07] [Writer] Writing document...
[2026-07-30 19:56:07] [Coder] Generating code...
[2026-07-30 19:56:07] [Coder] Stored generated code in memory.
[2026-07-30 19:56:07] [Coder] CodeGenerated event published.
[2026-07-30 19:56:07] [Tester] Running tests...
[2026-07-30 19:56:07] [Tester] TestCompleted event published.
[2026-07-30 19:56:07] [Reviewer] Reviewing execution...
[2026-07-30 19:56:07] [Reviewer] ReviewApproved event published.
[2026-07-30 19:57:10] [Coder] Generating code...
[2026-07-30 19:57:10] [Coder] Stored generated code in memory.
[2026-07-30 19:57:10] [Coder] CodeGenerated event published.
[2026-07-30 19:57:10] [Tester] Running tests...
[2026-07-30 19:57:10] [Tester] TestCompleted event published.
[2026-07-30 19:57:10] [Reviewer] Reviewing execution...
[2026-07-30 19:57:10] [Reviewer] ReviewApproved event published.
[2026-07-30 20:18:04] [Reviewer] Reviewing execution...
[2026-07-30 20:18:04] [Reviewer] ReviewApproved event published.
[2026-07-30 20:19:10] [Coder] Generating project...
[2026-07-30 20:19:10] [Coder] Project generated.
[2026-07-30 20:19:10] [Tester] Running tests...
[2026-07-30 20:19:10] [Tester] TestCompleted event published.
[2026-07-30 20:19:10] [Reviewer] Reviewing execution...
[2026-07-30 20:19:10] [Reviewer] ReviewApproved event published.
[2026-07-30 20:27:59] [Coder] Generating project...
[2026-07-30 20:27:59] [Coder] Project generated.
[2026-07-30 20:27:59] [Tester] Running tests...
[2026-07-30 20:27:59] [Tester] TestCompleted event published.
[2026-07-30 20:27:59] [Reviewer] Reviewing execution...
[2026-07-30 20:27:59] [Reviewer] ReviewApproved event published.
[2026-07-30 20:28:50] [Researcher] Performing research...
[2026-07-30 20:28:50] [Writer] Writing document...
[2026-07-30 20:28:50] [Coder] Generating project...
[2026-07-30 20:28:50] [Coder] Project generated.
[2026-07-30 20:28:50] [Tester] Running tests...
[2026-07-30 20:28:50] [Tester] TestCompleted event published.
[2026-07-30 20:28:50] [Reviewer] Reviewing execution...
[2026-07-30 20:28:50] [Reviewer] ReviewApproved event published.
[2026-07-30 20:31:25] [Researcher] Performing research...
[2026-07-30 20:31:25] [Writer] Writing document...
[2026-07-30 20:31:25] [Coder] Generating project...
[2026-07-30 20:31:25] [Coder] Project generated.
[2026-07-30 20:31:25] [Tester] Running tests...
[2026-07-30 20:31:25] [Tester] TestCompleted event published.
[2026-07-30 20:31:25] [Reviewer] Reviewing execution...
[2026-07-30 20:31:25] [Reviewer] ReviewApproved event published.
[2026-07-30 20:35:20] [Researcher] Performing research...
[2026-07-30 20:35:20] [Writer] Writing document...
[2026-07-30 20:35:20] [Coder] Generating project...
[2026-07-30 20:35:20] [Coder] Project generated.
[2026-07-30 20:35:20] [Tester] Running tests...
[2026-07-30 20:35:20] [Tester] TestCompleted event published.
[2026-07-30 20:35:20] [Reviewer] Reviewing execution...
[2026-07-30 20:35:20] [Reviewer] ReviewApproved event published.
[2026-07-30 20:39:20] [Coder] Generating project...
[2026-07-30 20:39:20] [Coder] Project generated.
[2026-07-30 20:39:20] [Tester] Running tests...
[2026-07-30 20:39:20] [Tester] TestCompleted event published.
[2026-07-30 20:39:20] [Reviewer] Reviewing execution...
[2026-07-30 20:39:20] [Reviewer] ReviewApproved event published.
[2026-07-30 20:41:51] [Planner] Creating execution workflow...
[2026-07-30 20:41:51] [Coder] Generating project...
[2026-07-30 20:41:51] [Coder] Project generated.
[2026-07-30 20:41:51] [FileManager] Managing project files...
[2026-07-30 20:41:51] [Tester] Running tests...
[2026-07-30 20:41:51] [Tester] TestCompleted event published.
[2026-07-30 20:41:51] [Reviewer] Reviewing execution...
[2026-07-30 20:41:51] [Reviewer] ReviewApproved event published.
[2026-07-30 20:44:48] [Planner] Creating execution workflow...
[2026-07-30 20:44:48] [Coder] Generating project...
[2026-07-30 20:44:48] [Coder] Project generated.
[2026-07-30 20:44:48] [FileManager] Managing project files...
[2026-07-30 20:44:48] [Tester] Running tests...
[2026-07-30 20:44:48] [Tester] TestCompleted event published.
[2026-07-30 20:44:48] [Reviewer] Reviewing execution...
[2026-07-30 20:44:48] [Reviewer] ReviewApproved event published.
[2026-07-30 20:45:57] [Planner] Creating execution workflow...
[2026-07-30 20:45:57] [Coder] Generating project...
[2026-07-30 20:45:57] [Coder] Project generated.
[2026-07-30 20:45:57] [FileManager] Managing project files...
[2026-07-30 20:45:57] [Tester] Running tests...
[2026-07-30 20:45:57] [Tester] TestCompleted event published.
[2026-07-30 20:45:57] [Reviewer] Reviewing execution...
[2026-07-30 20:45:57] [Reviewer] ReviewApproved event published.
[2026-07-30 20:52:04] [Planner] Creating execution workflow...
[2026-07-30 20:52:04] [Coder] Generating project...
[2026-07-30 20:52:04] [FileManager] Managing project files...
[2026-07-30 20:52:04] [Tester] Running tests...
[2026-07-30 20:52:04] [Tester] TestCompleted event published.
[2026-07-30 20:52:04] [Reviewer] Reviewing execution...
[2026-07-30 20:52:04] [Reviewer] ReviewApproved event published.
[2026-07-30 20:53:45] [Planner] Creating execution workflow...
[2026-07-30 20:53:45] [Coder] Generating project...
[2026-07-30 20:53:45] [FileManager] Managing project files...
[2026-07-30 20:53:45] [Tester] Running tests...
[2026-07-30 20:53:45] [Tester] TestCompleted event published.
[2026-07-30 20:53:45] [Reviewer] Reviewing execution...
[2026-07-30 20:53:45] [Reviewer] ReviewApproved event published.
[2026-07-30 21:03:26] [Planner] Creating execution workflow...
[2026-07-30 21:03:26] [Coder] Generating project...
[2026-07-30 21:03:26] [FileManager] Managing project files...
[2026-07-30 21:03:26] [Tester] Running project validation...
[2026-07-30 21:03:26] [Reviewer] Reviewing execution...
[2026-07-30 21:03:26] [Reviewer] ReviewApproved event published.
[2026-07-30 21:11:04] [Planner] Creating execution workflow...
[2026-07-30 21:13:10] [Planner] Creating execution workflow...
[2026-07-30 21:13:10] [Coder] Generating project...
[2026-07-30 21:13:10] [FileManager] Managing project files...
[2026-07-30 21:13:10] [Tester] Running project validation...
[2026-07-30 21:13:10] [Reviewer] Reviewing execution...
[2026-07-30 21:13:10] [Reviewer] ReviewApproved event published.
[2026-07-30 21:16:16] [Planner] Creating execution workflow...
[2026-07-30 21:16:16] [Coder] Generating project...
[2026-07-30 21:16:16] [FileManager] Managing project files...
[2026-07-30 21:16:16] [Tester] Running project validation...
[2026-07-30 21:16:16] [Reviewer] Reviewing execution...
[2026-07-30 21:16:16] [Reviewer] ReviewApproved event published.
[2026-07-30 21:19:58] [Planner] Creating execution workflow...
[2026-07-30 21:19:58] [Coder] Generating project...
[2026-07-30 21:19:58] [FileManager] Managing project files...
[2026-07-30 21:19:58] [Tester] Running project validation...
[2026-07-30 21:19:58] [Reviewer] Reviewing execution...
[2026-07-30 21:19:58] [Reviewer] ReviewApproved event published.
[2026-07-30 21:28:30] [Planner] Creating execution workflow...
[2026-07-30 21:28:30] [Coder] Generating project...
[2026-07-30 21:28:30] [FileManager] Managing project files...
[2026-07-30 21:28:30] [Tester] Running project validation...
[2026-07-30 21:28:30] [Reviewer] Reviewing execution...
[2026-07-30 21:28:30] [Reviewer] ReviewApproved event published.
[2026-07-30 21:33:55] [Planner] Creating execution workflow...
[2026-07-30 21:33:55] [Coder] Generating project...
[2026-07-30 21:33:55] [Coder] Generated 3 files.
[2026-07-30 21:33:55] [FileManager] Managing project files...
[2026-07-30 21:33:55] [Tester] Running project validation...
[2026-07-30 21:33:55] [Reviewer] Reviewing execution...
[2026-07-30 21:33:55] [Reviewer] ReviewApproved event published.
[2026-07-30 21:40:19] [Planner] Creating execution workflow...
[2026-07-30 21:40:19] [Coder] Generating project...
[2026-07-30 21:40:19] [Coder] Generated 9 files.
[2026-07-30 21:40:19] [FileManager] Managing project files...
[2026-07-30 21:40:19] [Tester] Running project validation...
[2026-07-30 21:40:19] [Reviewer] Reviewing execution...
[2026-07-30 21:40:19] [Reviewer] ReviewApproved event published.
[2026-07-30 21:47:24] [Planner] Creating execution workflow...
[2026-07-30 21:47:24] [Coder] Generating project...
[2026-07-30 21:47:24] [Coder] Generated 9 files.
[2026-07-30 21:47:24] [FileManager] Managing project files...
[2026-07-30 21:47:24] [Tester] Running project validation...
[2026-07-30 21:47:24] [Reviewer] Reviewing execution...
[2026-07-30 21:47:24] [Reviewer] ReviewApproved event published.
[2026-07-30 21:52:01] [Planner] Creating execution workflow...
[2026-07-30 21:52:01] [Coder] Planning software architecture...
[2026-07-30 21:52:01] [Coder] Code plan created: {'framework': 'fastapi', 'database': 'sqlite', 'features': ['routes', 'schemas', 'services', 'tests'], 'files': ['app.py', 'api/routes.py', 'api/schemas.py', 'services/service.py', 'tests/test_api.py']}
[2026-07-30 21:52:01] [Coder] Generating project...
[2026-07-30 21:52:01] [FileManager] Managing project files...
[2026-07-30 21:52:01] [Tester] Running project validation...
[2026-07-30 21:52:01] [Reviewer] Reviewing execution...
[2026-07-30 21:52:01] [Reviewer] ReviewApproved event published.
[2026-07-30 21:53:59] [Planner] Creating execution workflow...
[2026-07-30 21:53:59] [Coder] Planning software architecture...
[2026-07-30 21:53:59] [Coder] Code plan created: {'framework': 'fastapi', 'database': 'sqlite', 'features': ['routes', 'schemas', 'services', 'tests'], 'files': ['app.py', 'api/routes.py', 'api/schemas.py', 'services/service.py', 'tests/test_api.py']}
[2026-07-30 21:53:59] [Coder] Generating project...
[2026-07-30 21:53:59] [Coder] Generated 9 files.
[2026-07-30 21:53:59] [FileManager] Managing project files...
[2026-07-30 21:53:59] [Tester] Running project validation...
[2026-07-30 21:53:59] [Reviewer] Reviewing execution...
[2026-07-30 21:53:59] [Reviewer] ReviewApproved event published.
[2026-07-30 21:56:58] [Planner] Creating execution workflow...
[2026-07-30 21:56:58] [Coder] Planning software architecture...
[2026-07-30 21:56:58] [Coder] Code plan created: {'framework': 'fastapi', 'database': 'sqlite', 'features': ['routes', 'schemas', 'services', 'tests'], 'files': ['app.py', 'api/routes.py', 'api/schemas.py', 'services/service.py', 'tests/test_api.py']}
[2026-07-30 21:56:58] [Coder] Generating project...
[2026-07-30 21:56:58] [Coder] Generated 9 files.
[2026-07-30 21:56:58] [FileManager] Managing project files...
[2026-07-30 21:56:58] [FileManager] Checking project: build_rest_api_for_customers
[2026-07-30 21:56:58] [Tester] Running project validation...
[2026-07-30 21:56:58] [Reviewer] Reviewing execution...
[2026-07-30 21:56:58] [Reviewer] ReviewApproved event published.
[2026-07-30 22:11:43] [Planner] Creating execution workflow...
[2026-07-30 22:12:13] [Planner] Creating execution workflow...
[2026-07-30 22:12:13] [Coder] Planning software architecture...
[2026-07-30 22:12:13] [Coder] Code plan created: {'framework': 'fastapi', 'database': 'sqlite', 'features': ['routes', 'schemas', 'services', 'tests'], 'files': ['app.py', 'api/routes.py', 'api/schemas.py', 'services/service.py', 'tests/test_api.py']}
[2026-07-30 22:12:13] [Coder] Generating project...
[2026-07-30 22:12:13] [Coder] Generated 9 files.
[2026-07-30 22:12:13] [FileManager] Managing project files...
[2026-07-30 22:12:13] [FileManager] Checking project: build_rest_api_with_broken_authentication_module
[2026-07-30 22:12:13] [Tester] Running project validation...
[2026-07-30 22:12:13] [Reviewer] Reviewing execution...
[2026-07-30 22:12:13] [Reviewer] ReviewApproved event published.
[2026-07-30 22:19:09] [Planner] Creating execution workflow...
[2026-07-30 22:19:09] [Coder] Planning software architecture...
[2026-07-30 22:19:09] [Coder] Code plan created: {'framework': 'fastapi', 'database': 'sqlite', 'features': ['routes', 'schemas', 'services', 'tests'], 'files': ['app.py', 'api/routes.py', 'api/schemas.py', 'services/service.py', 'tests/test_api.py']}
[2026-07-30 22:19:09] [Coder] Generating project...
[2026-07-30 22:19:09] [Coder] Generated 7 files.
[2026-07-30 22:19:09] [FileManager] Managing project files...
[2026-07-30 22:19:09] [FileManager] Checking project: build_rest_api_for_customers
[2026-07-30 22:19:09] [Tester] Running project validation...
[2026-07-30 22:19:09] [Reviewer] Reviewing execution...
[2026-07-30 22:19:09] [Reviewer] ReviewApproved event published.
[2026-07-30 22:26:57] [Planner] Creating execution workflow...
[2026-07-30 22:26:57] [Coder] Planning software architecture...
[2026-07-30 22:26:57] [Coder] Code plan created: {'framework': 'fastapi', 'database': 'sqlite', 'features': ['routes', 'schemas', 'services', 'tests'], 'files': ['app.py', 'api/routes.py', 'api/schemas.py', 'services/service.py', 'tests/test_api.py']}
[2026-07-30 22:26:57] [Coder] Generating project...
[2026-07-30 22:26:57] [Coder] Generated 9 files.
[2026-07-30 22:26:57] [FileManager] Managing project files...
[2026-07-30 22:26:57] [FileManager] Checking project: build_rest_api_for_customers
[2026-07-30 22:26:57] [Tester] Running project validation...
[2026-07-30 22:26:57] [Reviewer] Reviewing execution...
[2026-07-30 22:26:57] [Reviewer] ReviewApproved event published.
[2026-07-31 15:36:13] [Planner] Creating execution workflow...
[2026-07-31 15:36:43] [Planner] Creating execution workflow...
[2026-07-31 15:36:43] [Coder] Planning software architecture...
[2026-07-31 15:36:43] [Coder] Code plan created: {'framework': 'frontend', 'database': None, 'features': [], 'files': ['index.html', 'app.js', 'style.css']}
[2026-07-31 15:36:43] [Coder] Generating project...
[2026-07-31 15:36:43] [FileManager] Managing project files...
[2026-07-31 15:36:43] [Tester] Running project validation...
[2026-07-31 15:36:43] [Reviewer] Reviewing execution...
[2026-07-31 15:36:43] [Reviewer] ReviewApproved event published.
[2026-08-03 23:04:09] [Planner] Creating execution workflow...
[2026-08-03 23:06:28] [Planner] Creating execution workflow...
[2026-08-03 23:06:28] [Coder] Starting engineering pipeline...
[2026-08-03 23:06:28] [Coder] Planning complete.
[2026-08-03 23:06:28] [FileManager] Writing generated project...
[2026-08-03 23:06:28] [Tester] Running project validation...
[2026-08-03 23:06:28] [Coder] Starting engineering pipeline...
[2026-08-03 23:06:28] [Coder] Planning complete.
[2026-08-03 23:06:28] [FileManager] Writing generated project...
[2026-08-03 23:06:28] [Tester] Running project validation...
[2026-08-03 23:06:28] [Coder] Starting engineering pipeline...
[2026-08-03 23:06:28] [Coder] Planning complete.
[2026-08-03 23:06:28] [FileManager] Writing generated project...
[2026-08-03 23:06:28] [Tester] Running project validation...
[2026-08-03 23:06:28] [Coder] Starting engineering pipeline...
[2026-08-03 23:06:28] [Coder] Planning complete.
[2026-08-03 23:06:28] [FileManager] Writing generated project...
[2026-08-03 23:06:28] [Tester] Running project validation...
[2026-08-04 15:48:43] [Planner] Creating execution workflow...
[2026-08-04 15:48:43] [Coder] Starting engineering pipeline...
[2026-08-04 15:48:43] [Coder] Planning complete.
[2026-08-04 15:48:43] [FileManager] Writing generated project...
[2026-08-04 15:48:43] [Tester] Running project validation...
[2026-08-04 15:48:43] [Coder] Starting engineering pipeline...
[2026-08-04 15:48:43] [Coder] Planning complete.
[2026-08-04 15:48:43] [FileManager] Writing generated project...
[2026-08-04 15:48:43] [Tester] Running project validation...
[2026-08-04 15:48:43] [Coder] Starting engineering pipeline...
[2026-08-04 15:48:43] [Coder] Planning complete.
[2026-08-04 15:48:43] [FileManager] Writing generated project...
[2026-08-04 15:48:43] [Tester] Running project validation...
[2026-08-04 15:48:43] [Coder] Starting engineering pipeline...
[2026-08-04 15:48:43] [Coder] Planning complete.
[2026-08-04 15:48:43] [FileManager] Writing generated project...
[2026-08-04 15:48:43] [Tester] Running project validation...
[2026-08-04 15:55:54] [Planner] Creating execution workflow...
[2026-08-04 15:55:54] [Coder] Starting engineering pipeline...
[2026-08-04 15:55:54] [Coder] Planning complete.
[2026-08-04 15:55:54] [FileManager] Writing generated project...
[2026-08-04 15:55:54] [Tester] Running project validation...
[2026-08-04 15:55:54] [Coder] Starting engineering pipeline...
[2026-08-04 15:55:54] [Coder] Planning complete.
[2026-08-04 15:55:54] [FileManager] Writing generated project...
[2026-08-04 15:55:54] [Tester] Running project validation...
[2026-08-04 15:55:54] [Coder] Starting engineering pipeline...
[2026-08-04 15:55:54] [Coder] Planning complete.
[2026-08-04 15:55:54] [FileManager] Writing generated project...
[2026-08-04 15:55:54] [Tester] Running project validation...
[2026-08-04 15:55:54] [Coder] Starting engineering pipeline...
[2026-08-04 15:55:54] [Coder] Planning complete.
[2026-08-04 15:55:54] [FileManager] Writing generated project...
[2026-08-04 15:55:54] [Tester] Running project validation...
[2026-08-04 15:57:42] [Planner] Creating execution workflow...
[2026-08-04 15:57:42] [Coder] Starting engineering pipeline...
[2026-08-04 15:57:42] [Coder] Planning complete.
[2026-08-04 15:57:42] [FileManager] Writing generated project...
[2026-08-04 15:57:42] [Tester] Running project validation...
[2026-08-04 15:57:42] [Coder] Starting engineering pipeline...
[2026-08-04 15:57:42] [Coder] Planning complete.
[2026-08-04 15:57:42] [FileManager] Writing generated project...
[2026-08-04 15:57:42] [Tester] Running project validation...
[2026-08-04 15:57:42] [Coder] Starting engineering pipeline...
[2026-08-04 15:57:42] [Coder] Planning complete.
[2026-08-04 15:57:42] [FileManager] Writing generated project...
[2026-08-04 15:57:42] [Tester] Running project validation...
[2026-08-04 15:57:42] [Coder] Starting engineering pipeline...
[2026-08-04 15:57:42] [Coder] Planning complete.
[2026-08-04 15:57:42] [FileManager] Writing generated project...
[2026-08-04 15:57:42] [Tester] Running project validation...
[2026-08-04 16:06:43] [Planner] Creating execution workflow...
[2026-08-04 16:06:43] [Coder] Starting engineering pipeline...
[2026-08-04 16:06:43] [Coder] Planning complete.
[2026-08-04 16:06:43] [FileManager] Writing generated project...
[2026-08-04 16:06:43] [Tester] Running project validation...
[2026-08-04 16:06:43] [Coder] Starting engineering pipeline...
[2026-08-04 16:06:43] [Coder] Planning complete.
[2026-08-04 16:06:43] [FileManager] Writing generated project...
[2026-08-04 16:06:43] [Tester] Running project validation...
[2026-08-04 16:06:43] [Coder] Starting engineering pipeline...
[2026-08-04 16:06:43] [Coder] Planning complete.
[2026-08-04 16:06:43] [FileManager] Writing generated project...
[2026-08-04 16:06:43] [Tester] Running project validation...
[2026-08-04 16:06:43] [Coder] Starting engineering pipeline...
[2026-08-04 16:06:43] [Coder] Planning complete.
[2026-08-04 16:06:43] [FileManager] Writing generated project...
[2026-08-04 16:06:43] [Tester] Running project validation...
[2026-08-04 16:30:56] [Planner] Creating execution workflow...
[2026-08-04 16:30:56] [Coder] Starting engineering pipeline...
[2026-08-04 16:30:56] [Coder] Planning complete.
[2026-08-04 16:30:56] [FileManager] Writing generated project...
[2026-08-04 16:30:56] [Tester] Running project validation...
[2026-08-04 16:30:56] [Coder] Starting engineering pipeline...
[2026-08-04 16:30:56] [Coder] Planning complete.
[2026-08-04 16:30:56] [FileManager] Writing generated project...
[2026-08-04 16:30:56] [Tester] Running project validation...
[2026-08-04 16:30:56] [Coder] Starting engineering pipeline...
[2026-08-04 16:30:56] [Coder] Planning complete.
[2026-08-04 16:30:56] [FileManager] Writing generated project...
[2026-08-04 16:30:56] [Tester] Running project validation...
[2026-08-04 16:30:56] [Coder] Starting engineering pipeline...
[2026-08-04 16:30:56] [Coder] Planning complete.
[2026-08-04 16:30:56] [FileManager] Writing generated project...
[2026-08-04 16:30:56] [Tester] Running project validation...
[2026-08-04 16:37:48] [Planner] Creating execution workflow...
[2026-08-04 16:37:48] [Coder] Starting engineering pipeline...
[2026-08-04 16:37:48] [Coder] Planning complete.
[2026-08-04 16:37:48] [FileManager] Writing generated project...
[2026-08-04 16:37:48] [Tester] Running project validation...
[2026-08-04 16:37:48] [Coder] Starting engineering pipeline...
[2026-08-04 16:37:48] [Coder] Planning complete.
[2026-08-04 16:37:48] [FileManager] Writing generated project...
[2026-08-04 16:37:48] [Tester] Running project validation...
[2026-08-04 16:37:48] [Coder] Starting engineering pipeline...
[2026-08-04 16:37:48] [Coder] Planning complete.
[2026-08-04 16:37:48] [FileManager] Writing generated project...
[2026-08-04 16:37:48] [Tester] Running project validation...
[2026-08-04 16:37:48] [Coder] Starting engineering pipeline...
[2026-08-04 16:37:48] [Coder] Planning complete.
[2026-08-04 16:37:48] [FileManager] Writing generated project...
[2026-08-04 16:37:48] [Tester] Running project validation...
[2026-08-04 17:23:57] [Planner] Creating execution workflow...
[2026-08-04 17:23:57] [Coder] Starting engineering pipeline...
[2026-08-04 17:23:57] [Coder] Planning complete.
[2026-08-04 17:23:57] [FileManager] Writing generated project...
[2026-08-04 17:23:57] [Tester] Running project validation...
[2026-08-04 17:23:57] [Coder] Starting engineering pipeline...
[2026-08-04 17:23:57] [Coder] Planning complete.
[2026-08-04 17:23:57] [FileManager] Writing generated project...
[2026-08-04 17:23:57] [Tester] Running project validation...
[2026-08-04 17:23:57] [Coder] Starting engineering pipeline...
[2026-08-04 17:23:57] [Coder] Planning complete.
[2026-08-04 17:23:57] [FileManager] Writing generated project...
[2026-08-04 17:23:57] [Tester] Running project validation...
[2026-08-04 17:23:57] [Coder] Starting engineering pipeline...
[2026-08-04 17:23:57] [Coder] Planning complete.
[2026-08-04 17:23:57] [FileManager] Writing generated project...
[2026-08-04 17:23:57] [Tester] Running project validation...
[2026-08-04 17:37:57] [Planner] Creating execution workflow...
[2026-08-04 17:37:57] [Coder] Starting engineering pipeline...
[2026-08-04 17:37:57] [Coder] Planning complete.
[2026-08-04 17:37:57] [FileManager] Writing generated project...
[2026-08-04 17:37:57] [Tester] Running project validation...
[2026-08-04 17:37:57] [Coder] Starting engineering pipeline...
[2026-08-04 17:37:57] [Coder] Planning complete.
[2026-08-04 17:37:57] [FileManager] Writing generated project...
[2026-08-04 17:37:57] [Tester] Running project validation...
[2026-08-04 17:37:57] [Coder] Starting engineering pipeline...
[2026-08-04 17:37:57] [Coder] Planning complete.
[2026-08-04 17:37:57] [FileManager] Writing generated project...
[2026-08-04 17:37:57] [Tester] Running project validation...
[2026-08-04 17:37:57] [Coder] Starting engineering pipeline...
[2026-08-04 17:37:57] [Coder] Planning complete.
[2026-08-04 17:37:57] [FileManager] Writing generated project...
[2026-08-04 17:37:57] [Tester] Running project validation...
[2026-08-04 18:00:47] [Planner] Creating execution workflow...
[2026-08-04 18:00:47] [Coder] Starting engineering pipeline...
[2026-08-04 18:00:47] [Coder] Planning complete.
[2026-08-04 18:00:47] [Coder] Designing architecture...
[2026-08-04 18:00:47] [FileManager] Writing generated project...
[2026-08-04 18:00:47] [Tester] Running project validation...
[2026-08-04 18:00:47] [Coder] Starting engineering pipeline...
[2026-08-04 18:00:47] [Coder] Planning complete.
[2026-08-04 18:00:47] [Coder] Designing architecture...
[2026-08-04 18:00:47] [FileManager] Writing generated project...
[2026-08-04 18:00:47] [Tester] Running project validation...
[2026-08-04 18:00:47] [Coder] Starting engineering pipeline...
[2026-08-04 18:00:47] [Coder] Planning complete.
[2026-08-04 18:00:47] [Coder] Designing architecture...
[2026-08-04 18:00:47] [FileManager] Writing generated project...
[2026-08-04 18:00:47] [Tester] Running project validation...
[2026-08-04 18:00:47] [Coder] Starting engineering pipeline...
[2026-08-04 18:00:47] [Coder] Planning complete.
[2026-08-04 18:00:47] [Coder] Designing architecture...
[2026-08-04 18:00:47] [FileManager] Writing generated project...
[2026-08-04 18:00:47] [Tester] Running project validation...
[2026-08-04 18:15:09] [Planner] Creating execution workflow...
[2026-08-04 18:15:09] [Coder] Starting engineering pipeline...
[2026-08-04 18:15:09] [Coder] Planning complete.
[2026-08-04 18:15:09] [Coder] Designing architecture...
[2026-08-04 18:15:09] [FileManager] Writing generated project...
[2026-08-04 18:15:09] [Tester] Running project validation...
[2026-08-04 18:15:09] [Coder] Starting engineering pipeline...
[2026-08-04 18:15:09] [Coder] Planning complete.
[2026-08-04 18:15:09] [Coder] Designing architecture...
[2026-08-04 18:15:09] [FileManager] Writing generated project...
[2026-08-04 18:15:09] [Tester] Running project validation...
[2026-08-04 18:15:09] [Coder] Starting engineering pipeline...
[2026-08-04 18:15:09] [Coder] Planning complete.
[2026-08-04 18:15:09] [Coder] Designing architecture...
[2026-08-04 18:15:09] [FileManager] Writing generated project...
[2026-08-04 18:15:09] [Tester] Running project validation...
[2026-08-04 18:15:09] [Coder] Starting engineering pipeline...
[2026-08-04 18:15:09] [Coder] Planning complete.
[2026-08-04 18:15:09] [Coder] Designing architecture...
[2026-08-04 18:15:09] [FileManager] Writing generated project...
[2026-08-04 18:15:09] [Tester] Running project validation...
[2026-08-04 18:18:12] [Planner] Creating execution workflow...
[2026-08-04 18:18:12] [Coder] Starting engineering pipeline...
[2026-08-04 18:18:12] [Coder] Planning complete.
[2026-08-04 18:18:12] [Coder] Designing architecture...
[2026-08-04 18:18:12] [FileManager] Writing generated project...
[2026-08-04 18:18:12] [Tester] Running project validation...
[2026-08-04 18:18:12] [Coder] Starting engineering pipeline...
[2026-08-04 18:18:12] [Coder] Planning complete.
[2026-08-04 18:18:12] [Coder] Designing architecture...
[2026-08-04 18:18:12] [FileManager] Writing generated project...
[2026-08-04 18:18:12] [Tester] Running project validation...
[2026-08-04 18:18:12] [Coder] Starting engineering pipeline...
[2026-08-04 18:18:12] [Coder] Planning complete.
[2026-08-04 18:18:12] [Coder] Designing architecture...
[2026-08-04 18:18:12] [FileManager] Writing generated project...
[2026-08-04 18:18:12] [Tester] Running project validation...
[2026-08-04 18:18:12] [Coder] Starting engineering pipeline...
[2026-08-04 18:18:12] [Coder] Planning complete.
[2026-08-04 18:18:12] [Coder] Designing architecture...
[2026-08-04 18:18:12] [FileManager] Writing generated project...
[2026-08-04 18:18:12] [Tester] Running project validation...
[2026-08-04 18:23:05] [Planner] Creating execution workflow...
[2026-08-04 18:23:05] [Coder] Starting engineering pipeline...
[2026-08-04 18:23:05] [Coder] Planning complete.
[2026-08-04 18:23:05] [Coder] Designing architecture...
[2026-08-04 18:23:05] [FileManager] Writing generated project...
[2026-08-04 18:23:05] [Tester] Running project validation...
[2026-08-04 18:23:05] [Coder] Starting engineering pipeline...
[2026-08-04 18:23:05] [Coder] Planning complete.
[2026-08-04 18:23:05] [Coder] Designing architecture...
[2026-08-04 18:23:05] [FileManager] Writing generated project...
[2026-08-04 18:23:05] [Tester] Running project validation...
[2026-08-04 18:23:05] [Coder] Starting engineering pipeline...
[2026-08-04 18:23:05] [Coder] Planning complete.
[2026-08-04 18:23:05] [Coder] Designing architecture...
[2026-08-04 18:23:05] [FileManager] Writing generated project...
[2026-08-04 18:23:05] [Tester] Running project validation...
[2026-08-04 18:23:05] [Coder] Starting engineering pipeline...
[2026-08-04 18:23:05] [Coder] Planning complete.
[2026-08-04 18:23:05] [Coder] Designing architecture...
[2026-08-04 18:23:05] [FileManager] Writing generated project...
[2026-08-04 18:23:05] [Tester] Running project validation...
[2026-08-04 18:30:16] [Planner] Creating execution workflow...
[2026-08-04 18:30:16] [Coder] Starting engineering pipeline...
[2026-08-04 18:30:16] [Coder] Planning complete.
[2026-08-04 18:30:16] [Coder] Designing architecture...
[2026-08-04 18:30:16] [Coder] Resolving dependencies...
[2026-08-04 18:30:16] [FileManager] Writing generated project...
[2026-08-04 18:30:16] [Tester] Running project validation...
[2026-08-04 18:30:16] [Coder] Starting engineering pipeline...
[2026-08-04 18:30:16] [Coder] Planning complete.
[2026-08-04 18:30:16] [Coder] Designing architecture...
[2026-08-04 18:30:16] [Coder] Resolving dependencies...
[2026-08-04 18:30:16] [FileManager] Writing generated project...
[2026-08-04 18:30:16] [Tester] Running project validation...
[2026-08-04 18:30:16] [Coder] Starting engineering pipeline...
[2026-08-04 18:30:16] [Coder] Planning complete.
[2026-08-04 18:30:16] [Coder] Designing architecture...
[2026-08-04 18:30:16] [Coder] Resolving dependencies...
[2026-08-04 18:30:16] [FileManager] Writing generated project...
[2026-08-04 18:30:16] [Tester] Running project validation...
[2026-08-04 18:30:16] [Coder] Starting engineering pipeline...
[2026-08-04 18:30:16] [Coder] Planning complete.
[2026-08-04 18:30:16] [Coder] Designing architecture...
[2026-08-04 18:30:16] [Coder] Resolving dependencies...
[2026-08-04 18:30:16] [FileManager] Writing generated project...
[2026-08-04 18:30:16] [Tester] Running project validation...
[2026-08-04 18:33:13] [Planner] Creating execution workflow...
[2026-08-04 18:33:13] [Coder] Starting engineering pipeline...
[2026-08-04 18:33:13] [Coder] Planning complete.
[2026-08-04 18:33:13] [Coder] Designing architecture...
[2026-08-04 18:33:13] [Coder] Resolving dependencies...
[2026-08-04 18:33:13] [FileManager] Writing generated project...
[2026-08-04 18:33:13] [Tester] Running project validation...
[2026-08-04 18:33:13] [Coder] Starting engineering pipeline...
[2026-08-04 18:33:13] [Coder] Planning complete.
[2026-08-04 18:33:13] [Coder] Designing architecture...
[2026-08-04 18:33:13] [Coder] Resolving dependencies...
[2026-08-04 18:33:13] [FileManager] Writing generated project...
[2026-08-04 18:33:13] [Tester] Running project validation...
[2026-08-04 18:33:13] [Coder] Starting engineering pipeline...
[2026-08-04 18:33:13] [Coder] Planning complete.
[2026-08-04 18:33:13] [Coder] Designing architecture...
[2026-08-04 18:33:13] [Coder] Resolving dependencies...
[2026-08-04 18:33:13] [FileManager] Writing generated project...
[2026-08-04 18:33:13] [Tester] Running project validation...
[2026-08-04 18:33:13] [Coder] Starting engineering pipeline...
[2026-08-04 18:33:13] [Coder] Planning complete.
[2026-08-04 18:33:13] [Coder] Designing architecture...
[2026-08-04 18:33:13] [Coder] Resolving dependencies...
[2026-08-04 18:33:13] [FileManager] Writing generated project...
[2026-08-04 18:33:13] [Tester] Running project validation...
[2026-08-04 18:56:52] [Planner] Creating execution workflow...
[2026-08-04 18:58:13] [Planner] Creating execution workflow...
[2026-08-04 19:01:06] [Planner] Creating execution workflow...
[2026-08-04 19:01:06] [Coder] Starting engineering pipeline...
[2026-08-04 19:01:06] [Coder] Planning complete.
[2026-08-04 19:01:06] [Coder] Designing architecture...
[2026-08-04 19:01:06] [Coder] Resolving dependencies...
[2026-08-04 19:01:06] [FileManager] Writing generated project...
[2026-08-04 19:01:06] [Tester] Running project validation...
[2026-08-04 19:01:06] [Coder] Starting engineering pipeline...
[2026-08-04 19:01:06] [Coder] Planning complete.
[2026-08-04 19:01:06] [Coder] Designing architecture...
[2026-08-04 19:01:06] [Coder] Resolving dependencies...
[2026-08-04 19:01:06] [FileManager] Writing generated project...
[2026-08-04 19:01:06] [Tester] Running project validation...
[2026-08-04 19:01:06] [Coder] Starting engineering pipeline...
[2026-08-04 19:01:06] [Coder] Planning complete.
[2026-08-04 19:01:06] [Coder] Designing architecture...
[2026-08-04 19:01:06] [Coder] Resolving dependencies...
[2026-08-04 19:01:06] [FileManager] Writing generated project...
[2026-08-04 19:01:06] [Tester] Running project validation...
[2026-08-04 19:01:06] [Coder] Starting engineering pipeline...
[2026-08-04 19:01:06] [Coder] Planning complete.
[2026-08-04 19:01:06] [Coder] Designing architecture...
[2026-08-04 19:01:06] [Coder] Resolving dependencies...
[2026-08-04 19:01:06] [FileManager] Writing generated project...
[2026-08-04 19:01:06] [Tester] Running project validation...
[2026-08-04 19:10:03] [Planner] Creating execution workflow...
[2026-08-04 19:10:03] [Coder] Starting engineering pipeline...
[2026-08-04 19:10:03] [Coder] Planning complete.
[2026-08-04 19:10:03] [Coder] Designing architecture...
[2026-08-04 19:10:03] [Coder] Resolving dependencies...
[2026-08-04 19:10:03] [FileManager] Writing generated project...
[2026-08-04 19:10:03] [Tester] Running project validation...
[2026-08-04 19:10:03] [Coder] Starting engineering pipeline...
[2026-08-04 19:10:03] [Coder] Planning complete.
[2026-08-04 19:10:03] [Coder] Designing architecture...
[2026-08-04 19:10:03] [Coder] Resolving dependencies...
[2026-08-04 19:10:03] [FileManager] Writing generated project...
[2026-08-04 19:10:03] [Tester] Running project validation...
[2026-08-04 19:10:03] [Coder] Starting engineering pipeline...
[2026-08-04 19:10:03] [Coder] Planning complete.
[2026-08-04 19:10:03] [Coder] Designing architecture...
[2026-08-04 19:10:03] [Coder] Resolving dependencies...
[2026-08-04 19:10:03] [FileManager] Writing generated project...
[2026-08-04 19:10:03] [Tester] Running project validation...
[2026-08-04 19:10:03] [Coder] Starting engineering pipeline...
[2026-08-04 19:10:03] [Coder] Planning complete.
[2026-08-04 19:10:03] [Coder] Designing architecture...
[2026-08-04 19:10:03] [Coder] Resolving dependencies...
[2026-08-04 19:10:03] [FileManager] Writing generated project...
[2026-08-04 19:10:03] [Tester] Running project validation...
[2026-08-04 19:12:12] [Planner] Creating execution workflow...
[2026-08-04 19:12:12] [Coder] Starting engineering pipeline...
[2026-08-04 19:12:12] [Coder] Planning complete.
[2026-08-04 19:12:12] [Coder] Designing architecture...
[2026-08-04 19:12:12] [Coder] Resolving dependencies...
[2026-08-04 19:12:12] [Coder] Generating project...
[2026-08-04 19:12:12] [FileManager] Writing generated project...
[2026-08-04 19:12:12] [Tester] Running project validation...
[2026-08-04 19:12:12] [Coder] Starting engineering pipeline...
[2026-08-04 19:12:12] [Coder] Planning complete.
[2026-08-04 19:12:12] [Coder] Designing architecture...
[2026-08-04 19:12:12] [Coder] Resolving dependencies...
[2026-08-04 19:12:12] [Coder] Generating project...
[2026-08-04 19:12:12] [FileManager] Writing generated project...
[2026-08-04 19:12:12] [Tester] Running project validation...
[2026-08-04 19:12:12] [Coder] Starting engineering pipeline...
[2026-08-04 19:12:12] [Coder] Planning complete.
[2026-08-04 19:12:12] [Coder] Designing architecture...
[2026-08-04 19:12:12] [Coder] Resolving dependencies...
[2026-08-04 19:12:12] [Coder] Generating project...
[2026-08-04 19:12:12] [FileManager] Writing generated project...
[2026-08-04 19:12:12] [Tester] Running project validation...
[2026-08-04 19:12:12] [Coder] Starting engineering pipeline...
[2026-08-04 19:12:12] [Coder] Planning complete.
[2026-08-04 19:12:12] [Coder] Designing architecture...
[2026-08-04 19:12:12] [Coder] Resolving dependencies...
[2026-08-04 19:12:12] [Coder] Generating project...
[2026-08-04 19:12:12] [FileManager] Writing generated project...
[2026-08-04 19:12:12] [Tester] Running project validation...
[2026-08-04 19:17:22] [Planner] Creating execution workflow...
[2026-08-04 19:17:22] [Coder] Starting engineering pipeline...
[2026-08-04 19:17:22] [Coder] Planning complete.
[2026-08-04 19:17:22] [Coder] Designing architecture...
[2026-08-04 19:17:22] [Coder] Resolving dependencies...
[2026-08-04 19:17:22] [Coder] Generating project...
[2026-08-04 19:17:22] [FileManager] Writing generated project...
[2026-08-04 19:17:22] [Tester] Running project validation...
[2026-08-04 19:17:22] [Coder] Starting engineering pipeline...
[2026-08-04 19:17:22] [Coder] Planning complete.
[2026-08-04 19:17:22] [Coder] Designing architecture...
[2026-08-04 19:17:22] [Coder] Resolving dependencies...
[2026-08-04 19:17:22] [Coder] Generating project...
[2026-08-04 19:17:22] [FileManager] Writing generated project...
[2026-08-04 19:17:22] [Tester] Running project validation...
[2026-08-04 19:17:22] [Coder] Starting engineering pipeline...
[2026-08-04 19:17:22] [Coder] Planning complete.
[2026-08-04 19:17:22] [Coder] Designing architecture...
[2026-08-04 19:17:22] [Coder] Resolving dependencies...
[2026-08-04 19:17:22] [Coder] Generating project...
[2026-08-04 19:17:22] [FileManager] Writing generated project...
[2026-08-04 19:17:22] [Tester] Running project validation...
[2026-08-04 19:17:22] [Coder] Starting engineering pipeline...
[2026-08-04 19:17:22] [Coder] Planning complete.
[2026-08-04 19:17:22] [Coder] Designing architecture...
[2026-08-04 19:17:22] [Coder] Resolving dependencies...
[2026-08-04 19:17:22] [Coder] Generating project...
[2026-08-04 19:17:22] [FileManager] Writing generated project...
[2026-08-04 19:17:22] [Tester] Running project validation...
[2026-08-04 19:20:21] [Planner] Creating execution workflow...
[2026-08-04 19:20:21] [Coder] Starting engineering pipeline...
[2026-08-04 19:20:21] [Coder] Planning complete.
[2026-08-04 19:20:21] [Coder] Designing architecture...
[2026-08-04 19:20:21] [Coder] Resolving dependencies...
[2026-08-04 19:20:21] [Coder] Generating project...
[2026-08-04 19:20:21] [FileManager] Writing generated project...
[2026-08-04 19:20:21] [Tester] Running project validation...
[2026-08-04 19:20:21] [Coder] Starting engineering pipeline...
[2026-08-04 19:20:21] [Coder] Planning complete.
[2026-08-04 19:20:21] [Coder] Designing architecture...
[2026-08-04 19:20:21] [Coder] Resolving dependencies...
[2026-08-04 19:20:21] [Coder] Generating project...
[2026-08-04 19:20:21] [FileManager] Writing generated project...
[2026-08-04 19:20:21] [Tester] Running project validation...
[2026-08-04 19:20:21] [Coder] Starting engineering pipeline...
[2026-08-04 19:20:21] [Coder] Planning complete.
[2026-08-04 19:20:21] [Coder] Designing architecture...
[2026-08-04 19:20:21] [Coder] Resolving dependencies...
[2026-08-04 19:20:21] [Coder] Generating project...
[2026-08-04 19:20:21] [FileManager] Writing generated project...
[2026-08-04 19:20:21] [Tester] Running project validation...
[2026-08-04 19:20:21] [Coder] Starting engineering pipeline...
[2026-08-04 19:20:21] [Coder] Planning complete.
[2026-08-04 19:20:21] [Coder] Designing architecture...
[2026-08-04 19:20:21] [Coder] Resolving dependencies...
[2026-08-04 19:20:21] [Coder] Generating project...
[2026-08-04 19:20:21] [FileManager] Writing generated project...
[2026-08-04 19:20:21] [Tester] Running project validation...
[2026-08-04 19:23:50] [Planner] Creating execution workflow...
[2026-08-04 19:23:50] [Coder] Starting engineering pipeline...
[2026-08-04 19:23:50] [Coder] Planning complete.
[2026-08-04 19:23:50] [Coder] Designing architecture...
[2026-08-04 19:23:50] [Coder] Resolving dependencies...
[2026-08-04 19:23:50] [Coder] Generating project...
[2026-08-04 19:23:50] [FileManager] Writing generated project...
[2026-08-04 19:23:50] [Tester] Running project validation...
[2026-08-04 19:32:19] [Planner] Creating execution workflow...
[2026-08-04 19:32:19] [Coder] Starting engineering pipeline...
[2026-08-04 19:32:19] [Coder] Planning complete.
[2026-08-04 19:32:19] [Coder] Designing architecture...
[2026-08-04 19:32:19] [Coder] Resolving dependencies...
[2026-08-04 19:32:19] [Coder] Generating project...
[2026-08-04 19:32:19] [FileManager] Writing generated project...
[2026-08-04 19:32:19] [Tester] Running project validation...
[2026-08-04 19:32:19] [Coder] Starting engineering pipeline...
[2026-08-04 19:32:19] [Coder] Planning complete.
[2026-08-04 19:32:19] [Coder] Designing architecture...
[2026-08-04 19:32:19] [Coder] Resolving dependencies...
[2026-08-04 19:32:19] [Coder] Generating project...
[2026-08-04 19:32:19] [FileManager] Writing generated project...
[2026-08-04 19:32:19] [Tester] Running project validation...
[2026-08-04 19:32:19] [Coder] Starting engineering pipeline...
[2026-08-04 19:32:19] [Coder] Planning complete.
[2026-08-04 19:32:19] [Coder] Designing architecture...
[2026-08-04 19:32:19] [Coder] Resolving dependencies...
[2026-08-04 19:32:19] [Coder] Generating project...
[2026-08-04 19:32:19] [FileManager] Writing generated project...
[2026-08-04 19:32:19] [Tester] Running project validation...
[2026-08-04 19:32:19] [Coder] Starting engineering pipeline...
[2026-08-04 19:32:19] [Coder] Planning complete.
[2026-08-04 19:32:19] [Coder] Designing architecture...
[2026-08-04 19:32:19] [Coder] Resolving dependencies...
[2026-08-04 19:32:19] [Coder] Generating project...
[2026-08-04 19:32:19] [FileManager] Writing generated project...
[2026-08-04 19:32:19] [Tester] Running project validation...
[2026-08-04 19:34:28] [Planner] Creating execution workflow...
[2026-08-04 19:34:28] [Coder] Starting engineering pipeline...
[2026-08-04 19:34:28] [Coder] Planning complete.
[2026-08-04 19:34:28] [Coder] Designing architecture...
[2026-08-04 19:34:28] [Coder] Resolving dependencies...
[2026-08-04 19:34:28] [Coder] Generating project...
[2026-08-04 19:34:28] [FileManager] Writing generated project...
[2026-08-04 19:34:28] [Tester] Running project validation...
[2026-08-04 19:55:21] [Planner] Creating execution workflow...
[2026-08-04 19:56:55] [Planner] Creating execution workflow...
[2026-08-04 19:56:55] [Coder] Starting engineering pipeline...
[2026-08-04 19:56:55] [Coder] Planning complete.
[2026-08-04 19:56:55] [Coder] Designing architecture...
[2026-08-04 19:56:55] [Coder] Resolving dependencies...
[2026-08-04 19:56:55] [Coder] Generating project...
[2026-08-04 19:56:55] [FileManager] Writing generated project...
[2026-08-04 19:56:55] [Tester] Running project validation...
[2026-08-04 20:28:46] [Planner] Creating execution workflow...
[2026-08-04 20:28:46] [Coder] Starting engineering pipeline...
[2026-08-04 20:28:46] [Coder] Planning complete.
[2026-08-04 20:28:46] [Coder] Designing architecture...
[2026-08-04 20:28:46] [Coder] Resolving dependencies...
[2026-08-04 20:28:46] [Coder] Generating project...
[2026-08-04 20:28:46] [FileManager] Writing generated project...
[2026-08-04 20:28:46] [Tester] Running project validation...
[2026-08-04 20:42:19] [Planner] Creating execution workflow...
[2026-08-04 20:55:50] [Planner] Creating execution workflow...
[2026-08-04 20:58:09] [Planner] Creating execution workflow...
[2026-08-04 21:06:51] [Planner] Creating execution workflow...
[2026-08-04 21:10:09] [Planner] Creating execution workflow...
[2026-08-04 21:23:13] [Planner] Creating execution workflow...
[2026-08-04 21:37:10] [Planner] Creating execution workflow...
[2026-08-04 21:37:10] [Coder] Starting engineering pipeline...
[2026-08-04 21:37:10] [Coder] Planning complete.
[2026-08-04 21:37:10] [Coder] Designing architecture...
[2026-08-04 21:37:10] [FileManager] Writing generated project...
[2026-08-04 21:37:10] [Tester] Running project validation...
[2026-08-04 21:37:10] [Coder] Starting engineering pipeline...
[2026-08-04 21:37:10] [Coder] Planning complete.
[2026-08-04 21:37:10] [Coder] Designing architecture...
[2026-08-04 21:37:10] [FileManager] Writing generated project...
[2026-08-04 21:37:10] [Tester] Running project validation...
[2026-08-04 21:37:10] [Coder] Starting engineering pipeline...
[2026-08-04 21:37:10] [Coder] Planning complete.
[2026-08-04 21:37:10] [Coder] Designing architecture...
[2026-08-04 21:37:10] [FileManager] Writing generated project...
[2026-08-04 21:37:10] [Tester] Running project validation...
[2026-08-04 21:37:10] [Coder] Starting engineering pipeline...
[2026-08-04 21:37:10] [Coder] Planning complete.
[2026-08-04 21:37:10] [Coder] Designing architecture...
[2026-08-04 21:37:10] [FileManager] Writing generated project...
[2026-08-04 21:37:10] [Tester] Running project validation...
[2026-08-04 21:39:46] [Planner] Creating execution workflow...
[2026-08-04 21:48:57] [Planner] Creating execution workflow...
[2026-08-04 21:48:57] [Coder] Starting engineering pipeline...
[2026-08-04 21:48:57] [Coder] Planning complete.
[2026-08-04 21:48:57] [Coder] Designing architecture...
[2026-08-04 21:48:57] [FileManager] Writing generated project...
[2026-08-04 21:48:57] [Tester] Running project validation...
[2026-08-04 21:48:57] [Coder] Starting engineering pipeline...
[2026-08-04 21:48:57] [Coder] Planning complete.
[2026-08-04 21:48:57] [Coder] Designing architecture...
[2026-08-04 21:48:57] [FileManager] Writing generated project...
[2026-08-04 21:48:57] [Tester] Running project validation...
[2026-08-04 21:48:57] [Coder] Starting engineering pipeline...
[2026-08-04 21:48:57] [Coder] Planning complete.
[2026-08-04 21:48:57] [Coder] Designing architecture...
[2026-08-04 21:48:57] [FileManager] Writing generated project...
[2026-08-04 21:48:57] [Tester] Running project validation...
[2026-08-04 21:48:57] [Coder] Starting engineering pipeline...
[2026-08-04 21:48:57] [Coder] Planning complete.
[2026-08-04 21:48:57] [Coder] Designing architecture...
[2026-08-04 21:48:57] [FileManager] Writing generated project...
[2026-08-04 21:48:57] [Tester] Running project validation...
[2026-08-04 21:52:23] [Planner] Creating execution workflow...
[2026-08-04 21:52:23] [Coder] Starting engineering pipeline...
[2026-08-04 21:52:23] [Coder] Planning complete.
[2026-08-04 21:52:23] [Coder] Designing architecture...
[2026-08-04 21:52:23] [FileManager] Writing generated project...
[2026-08-04 21:52:23] [Tester] Running project validation...
[2026-08-04 21:52:23] [Coder] Starting engineering pipeline...
[2026-08-04 21:52:23] [Coder] Planning complete.
[2026-08-04 21:52:23] [Coder] Designing architecture...
[2026-08-04 21:52:23] [FileManager] Writing generated project...
[2026-08-04 21:52:23] [Tester] Running project validation...
[2026-08-04 21:52:23] [Coder] Starting engineering pipeline...
[2026-08-04 21:52:23] [Coder] Planning complete.
[2026-08-04 21:52:23] [Coder] Designing architecture...
[2026-08-04 21:52:23] [FileManager] Writing generated project...
[2026-08-04 21:52:23] [Tester] Running project validation...
[2026-08-04 21:52:23] [Coder] Starting engineering pipeline...
[2026-08-04 21:52:23] [Coder] Planning complete.
[2026-08-04 21:52:23] [Coder] Designing architecture...
[2026-08-04 21:52:23] [FileManager] Writing generated project...
[2026-08-04 21:52:23] [Tester] Running project validation...
[2026-08-05 16:41:23] [Planner] Creating execution workflow...
[2026-08-05 16:41:23] [Coder] Starting engineering pipeline...
[2026-08-05 16:41:23] [Coder] Planning complete.
[2026-08-05 16:41:23] [Coder] Designing architecture...
[2026-08-05 16:41:23] [Coder] Resolving dependencies...
[2026-08-05 16:41:23] [Coder] Generating project...
[2026-08-05 16:41:23] [FileManager] Writing generated project...
[2026-08-05 16:41:23] [Tester] Running project validation...
[2026-08-05 17:49:08] [Planner] Creating execution workflow...
[2026-08-05 17:51:07] [Planner] Creating execution workflow...
[2026-08-05 17:51:07] [Coder] Starting engineering pipeline...
[2026-08-05 17:51:07] [Coder] Planning complete.
[2026-08-05 17:51:07] [Coder] Designing architecture...
[2026-08-05 17:51:07] [Coder] Resolving dependencies...
[2026-08-05 17:51:07] [Coder] Generating project...
[2026-08-05 17:51:07] [FileManager] Writing generated project...
[2026-08-05 17:51:07] [Tester] Running project validation...
[2026-08-05 17:58:50] [Planner] Creating execution workflow...
[2026-08-05 17:58:50] [Coder] Starting engineering pipeline...
[2026-08-05 17:58:50] [Coder] Planning complete.
[2026-08-05 17:58:50] [Coder] Designing architecture...
[2026-08-05 17:58:50] [Coder] Resolving dependencies...
[2026-08-05 17:58:50] [Coder] Generating project...
[2026-08-05 17:58:50] [FileManager] Writing generated project...
[2026-08-05 17:58:50] [Tester] Running project validation...
[2026-08-05 18:04:40] [Planner] Creating execution workflow...
[2026-08-05 18:04:40] [Coder] Starting engineering pipeline...
[2026-08-05 18:04:40] [Coder] Planning complete.
[2026-08-05 18:04:40] [Coder] Designing architecture...
[2026-08-05 18:04:40] [Coder] Resolving dependencies...
[2026-08-05 18:04:40] [Coder] Generating project...
[2026-08-05 18:04:40] [FileManager] Writing generated project...
[2026-08-05 18:04:40] [Tester] Running project validation...
[2026-08-05 20:04:42] [Planner] Creating execution workflow...
[2026-08-05 22:39:45] [Planner] Creating execution workflow...
[2026-08-05 22:41:32] [Planner] Creating execution workflow...
[2026-08-05 22:42:50] [Planner] Creating execution workflow...
[2026-08-06 01:05:34] [Planner] Creating execution workflow...
[2026-08-06 12:30:56] [Planner] Creating execution workflow...
[2026-08-06 13:10:11] [Planner] Creating execution workflow...
[2026-08-06 13:27:36] [Planner] Creating execution workflow...
[2026-08-06 13:38:50] [Planner] Creating execution workflow...
[2026-08-06 13:51:26] [Planner] Creating execution workflow...
[2026-08-06 13:51:26] [Planner] Generated execution workflow with 4 step(s).
[2026-08-06 14:13:47] [Planner] Creating execution workflow...
[2026-08-06 14:13:47] [Planner] Generated execution workflow with 4 step(s).
[2026-08-06 18:04:45] [Planner] Creating execution workflow...
[2026-08-06 18:04:45] [Planner] Generated execution workflow with 4 step(s).
[2026-08-06 18:04:45] [Coder] Starting engineering pipeline...
[2026-08-06 18:04:45] [Coder] Planning complete.
[2026-08-06 18:04:45] [Coder] Designing architecture...
[2026-08-06 18:04:45] [Coder] Resolving dependencies...
[2026-08-06 18:04:45] [Coder] Generating project...
[2026-08-06 18:04:45] [FileManager] Writing generated project...
[2026-08-06 18:04:45] [Tester] Running project validation...
[2026-08-06 18:04:45] [Coder] Starting engineering pipeline...
[2026-08-06 18:04:45] [Coder] Planning complete.
[2026-08-06 18:04:45] [Coder] Designing architecture...
[2026-08-06 18:04:45] [Coder] Resolving dependencies...
[2026-08-06 18:04:45] [Coder] Generating project...
[2026-08-06 18:04:45] [FileManager] Writing generated project...
[2026-08-06 18:04:45] [Tester] Running project validation...
[2026-08-06 18:04:45] [Coder] Starting engineering pipeline...
[2026-08-06 18:04:45] [Coder] Planning complete.
[2026-08-06 18:04:45] [Coder] Designing architecture...
[2026-08-06 18:04:45] [Coder] Resolving dependencies...
[2026-08-06 18:04:45] [Coder] Generating project...
[2026-08-06 18:04:45] [FileManager] Writing generated project...
[2026-08-06 18:04:45] [Tester] Running project validation...
[2026-08-06 18:04:45] [Coder] Starting engineering pipeline...
[2026-08-06 18:04:45] [Coder] Planning complete.
[2026-08-06 18:04:45] [Coder] Designing architecture...
[2026-08-06 18:04:45] [Coder] Resolving dependencies...
[2026-08-06 18:04:45] [Coder] Generating project...
[2026-08-06 18:04:45] [FileManager] Writing generated project...
[2026-08-06 18:04:45] [Tester] Running project validation...
[2026-08-06 18:21:45] [Planner] Creating execution workflow...
[2026-08-06 18:21:45] [Planner] Generated execution workflow with 4 step(s).
[2026-08-06 18:21:45] [Coder] Starting engineering pipeline...
[2026-08-06 18:21:45] [Coder] Planning complete.
[2026-08-06 18:21:45] [Coder] Designing architecture...
[2026-08-06 18:21:45] [Coder] Resolving dependencies...
[2026-08-06 18:21:45] [Coder] Generating project...
[2026-08-06 18:21:45] [FileManager] Writing generated project...
[2026-08-06 18:21:45] [Tester] Running project validation...
[2026-08-06 18:21:45] [Coder] Starting engineering pipeline...
[2026-08-06 18:21:45] [Coder] Planning complete.
[2026-08-06 18:21:45] [Coder] Designing architecture...
[2026-08-06 18:21:45] [Coder] Resolving dependencies...
[2026-08-06 18:21:45] [Coder] Generating project...
[2026-08-06 18:21:45] [FileManager] Writing generated project...
[2026-08-06 18:21:45] [Tester] Running project validation...
[2026-08-06 18:21:45] [Coder] Starting engineering pipeline...
[2026-08-06 18:21:45] [Coder] Planning complete.
[2026-08-06 18:21:45] [Coder] Designing architecture...
[2026-08-06 18:21:45] [Coder] Resolving dependencies...
[2026-08-06 18:21:45] [Coder] Generating project...
[2026-08-06 18:21:45] [FileManager] Writing generated project...
[2026-08-06 18:21:45] [Tester] Running project validation...
[2026-08-06 18:21:45] [Coder] Starting engineering pipeline...
[2026-08-06 18:21:45] [Coder] Planning complete.
[2026-08-06 18:21:45] [Coder] Designing architecture...
[2026-08-06 18:21:45] [Coder] Resolving dependencies...
[2026-08-06 18:21:45] [Coder] Generating project...
[2026-08-06 18:21:45] [FileManager] Writing generated project...
[2026-08-06 18:21:45] [Tester] Running project validation...
[2026-08-06 18:54:55] [Planner] Creating execution workflow...
[2026-08-06 18:54:55] [Planner] Generated execution workflow with 4 step(s).
[2026-08-06 18:54:55] [Coder] Starting engineering pipeline...
[2026-08-06 18:54:55] [Coder] Planning complete.
[2026-08-06 18:54:55] [Coder] Designing architecture...
[2026-08-06 18:54:55] [Coder] Resolving dependencies...
[2026-08-06 18:54:55] [Coder] Generating project...
[2026-08-06 18:54:55] [FileManager] Writing generated project...
[2026-08-06 18:54:55] [Tester] Running project validation...
[2026-08-06 18:54:55] [Coder] Starting engineering pipeline...
[2026-08-06 18:54:55] [Coder] Planning complete.
[2026-08-06 18:54:55] [Coder] Designing architecture...
[2026-08-06 18:54:55] [Coder] Resolving dependencies...
[2026-08-06 18:54:55] [Coder] Generating project...
[2026-08-06 18:54:55] [FileManager] Writing generated project...
[2026-08-06 18:54:55] [Tester] Running project validation...
[2026-08-06 18:54:55] [Coder] Starting engineering pipeline...
[2026-08-06 18:54:55] [Coder] Planning complete.
[2026-08-06 18:54:55] [Coder] Designing architecture...
[2026-08-06 18:54:55] [Coder] Resolving dependencies...
[2026-08-06 18:54:55] [Coder] Generating project...
[2026-08-06 18:54:55] [FileManager] Writing generated project...
[2026-08-06 18:54:55] [Tester] Running project validation...
[2026-08-06 18:54:55] [Coder] Starting engineering pipeline...
[2026-08-06 18:54:55] [Coder] Planning complete.
[2026-08-06 18:54:55] [Coder] Designing architecture...
[2026-08-06 18:54:55] [Coder] Resolving dependencies...
[2026-08-06 18:54:55] [Coder] Generating project...
[2026-08-06 18:54:55] [FileManager] Writing generated project...
[2026-08-06 18:54:55] [Tester] Running project validation...
[2026-08-06 18:57:28] [Planner] Creating execution workflow...
[2026-08-06 18:57:28] [Planner] Generated execution workflow with 4 step(s).
[2026-08-06 18:57:28] [Coder] Starting engineering pipeline...
[2026-08-06 18:57:28] [Coder] Planning complete.
[2026-08-06 18:57:28] [Coder] Designing architecture...
[2026-08-06 18:57:28] [Coder] Resolving dependencies...
[2026-08-06 18:57:28] [Coder] Generating project...
[2026-08-06 18:57:28] [FileManager] Writing generated project...
[2026-08-06 18:57:28] [Tester] Running project validation...
[2026-08-06 18:58:51] [Planner] Creating execution workflow...
[2026-08-06 18:58:51] [Planner] Generated execution workflow with 4 step(s).
[2026-08-06 18:58:51] [Coder] Starting engineering pipeline...
[2026-08-06 18:58:51] [Coder] Planning complete.
[2026-08-06 18:58:51] [Coder] Designing architecture...
[2026-08-06 18:58:51] [Coder] Resolving dependencies...
[2026-08-06 18:58:51] [Coder] Generating project...
[2026-08-06 18:58:51] [FileManager] Writing generated project...
[2026-08-06 18:58:51] [Tester] Running project validation...
[2026-08-06 19:04:39] [Planner] Creating execution workflow...
[2026-08-06 19:04:39] [Planner] Generated execution workflow with 4 step(s).
[2026-08-06 19:04:39] [Coder] Starting engineering pipeline...
[2026-08-06 19:04:39] [Coder] Planning complete.
[2026-08-06 19:04:39] [Coder] Designing architecture...
[2026-08-06 19:04:39] [Coder] Resolving dependencies...
[2026-08-06 19:04:39] [Coder] Generating project...
[2026-08-06 19:04:39] [FileManager] Writing generated project...
[2026-08-06 19:04:39] [Tester] Running project validation...
[2026-08-06 19:09:51] [Planner] Creating execution workflow...
[2026-08-06 19:09:51] [Planner] Generated execution workflow with 4 step(s).
[2026-08-06 19:09:51] [Coder] Starting engineering pipeline...
[2026-08-06 19:09:51] [Coder] Planning complete.
[2026-08-06 19:09:51] [Coder] Designing architecture...
[2026-08-06 19:09:51] [Coder] Resolving dependencies...
[2026-08-06 19:09:51] [Coder] Generating project...
[2026-08-06 19:09:51] [FileManager] Writing generated project...
[2026-08-06 19:09:51] [Tester] Running project validation...
